HI-TECH Software PICC-18 Compiler V9.80 ()

Linker command line:

--edf=C:\Program Files (x86)\HI-TECH Software\PICC-18\9.80\dat\en_msgs.txt \
  -cs -h+NGC.sym -z -Q18F25K22 -ol.obj -MNGC.map -E1 -ver=PICC-18 \
  -ACODE=00h-07FFFh -ACONST=00h-07FFFh -ASMALLCONST=0600h-06FFhx122 \
  -AMEDIUMCONST=0600h-07FFFh -ACOMRAM=01h-05Fh -AABS1=00h-05FFh \
  -ABIGRAM=01h-05FFh -ARAM=060h-0FFh,0100h-01FFhx5 -ABANK0=060h-0FFh \
  -ABANK1=0100h-01FFh -ABANK2=0200h-02FFh -ABANK3=0300h-03FFh \
  -ABANK4=0400h-04FFh -ABANK5=0500h-05FFh -ASFR=0F38h-0F5Fh,0F60h-0FFFh \
  -preset_vec=00h,intcode,intcodelo,powerup,init,end_init -pramtop=0600h \
  -psmallconst=SMALLCONST -pmediumconst=MEDIUMCONST -pconst=CONST \
  -AFARRAM=00h-00h -ACONFIG=0300000h-030000Dh -pconfig=CONFIG \
  -AIDLOC=0200000h-0200007h -pidloc=IDLOC -AEEDATA=0F00000h-0F000FFh \
  -peeprom_data=EEDATA \
  -prdata=COMRAM,nvrram=COMRAM,nvbit=COMRAM,rbss=COMRAM,rbit=COMRAM \
  -pfarbss=FARRAM,fardata=FARRAM \
  -pintsave_regs=BIGRAM,bigbss=BIGRAM,bigdata=BIGRAM -pbss=RAM \
  -pidata=CODE,irdata=CODE,ibigdata=CODE,ifardata=CODE startup.obj NGC.obj 

Object code version is 3.10

Machine type is 18F25K22

Call graph: (short form)




                Name          Link     Load   Length Selector   Space       Scale
startup.obj     end_init         0        0        4       0     0
                config      300000   300000        2  300000     0
NGC.obj         text11        754A     754A       EE    3AA5     0
                text10        73CA     73CA       2E    39E5     0
                text9         7756     7756      130    3BAB     0
                text8         7886     7886      13E    3C43     0
                text7         74A6     74A6       A4    3A53     0
                text6         7638     7638      11E    3B1C     0
                text5         79C4     79C4      23A    3CE2     0
                text4         7428     7428       36    3A14     0
                text3         73A4     73A4       26    39D2     0
                text2         737E     737E       26    39BF     0
                text1         745E     745E       48    3A2F     0
                text0         7BFE     7BFE      402    3DFF     0
                cstackCOM        1        1       48       1     1
                bssBANK0        60       60       15      60     1
                dataCOMRA       5E       5E        1       1     1
                bssCOMRAM       49       49       15       1     1
                cinit         73F8     73F8       30    39FC     0
                idataCOMR     737D     737D        1    737D     0

TOTAL           Name          Link     Load   Length     Space
        CLASS   CODE           
                end_init         0        0        4     0
                text11        754A     754A       EE     0
                text10        73CA     73CA       2E     0
                text9         7756     7756      130     0
                text8         7886     7886      13E     0
                text7         74A6     74A6       A4     0
                text6         7638     7638      11E     0
                text5         79C4     79C4      23A     0
                text4         7428     7428       36     0
                text3         73A4     73A4       26     0
                text2         737E     737E       26     0
                text1         745E     745E       48     0
                text0         7BFE     7BFE      402     0
                cinit         73F8     73F8       30     0
                idataCOMR     737D     737D        1     0

        CLASS   CONST          

        CLASS   SMALLCONST     

        CLASS   MEDIUMCONST    

        CLASS   COMRAM         
                cstackCOM        1        1       48     1
                dataCOMRA       5E       5E        1     1
                bssCOMRAM       49       49       15     1

        CLASS   ABS1           

        CLASS   BIGRAM         

        CLASS   RAM            

        CLASS   BANK0          
                bssBANK0        60       60       15     1

        CLASS   BANK1          

        CLASS   BANK2          

        CLASS   BANK3          

        CLASS   BANK4          

        CLASS   BANK5          

        CLASS   SFR            

        CLASS   FARRAM         

        CLASS   CONFIG         
                config      300000   300000        2     0

        CLASS   IDLOC          

        CLASS   EEDATA         



SEGMENTS        Name            Load    Length   Top    Selector   Space  Class

                reset_vec       000000  000004  000004         0       0  CODE    
                cstackCOMRAM    000001  00005E  00005F         1       1  COMRAM  
                bssBANK0        000060  000015  000075        60       1  BANK0   
                idataCOMRAM     00737D  000001  00737E      737D       0  CODE    
                text2           00737E  000026  0073A4      39BF       0  CODE    
                text3           0073A4  000026  0073CA      39D2       0  CODE    
                text10          0073CA  00002E  0073F8      39E5       0  CODE    
                cinit           0073F8  000030  007428      39FC       0  CODE    
                text4           007428  000036  00745E      3A14       0  CODE    
                text1           00745E  000048  0074A6      3A2F       0  CODE    
                text7           0074A6  0000A4  00754A      3A53       0  CODE    
                text11          00754A  0000EE  007638      3AA5       0  CODE    
                text6           007638  00011E  007756      3B1C       0  CODE    
                text9           007756  000130  007886      3BAB       0  CODE    
                text8           007886  00013E  0079C4      3C43       0  CODE    
                text5           0079C4  00023A  007BFE      3CE2       0  CODE    
                text0           007BFE  000402  008000      3DFF       0  CODE    
                config          300000  000002  300002    300000       0  CONFIG  


UNUSED ADDRESS RANGES

        Name                Unused          Largest block    Delta
        BANK0            000075-0000FF               8B
        BANK1            000100-0001FF              100
        BANK2            000200-0002FF              100
        BANK3            000300-0003FF              100
        BANK4            000400-0004FF              100
        BANK5            000500-0005FF              100
        BIGRAM           00005F-00005F                1
                         000075-0005FF              58B
        CODE             000004-00737C             7379
        COMRAM           00005F-00005F                1
        CONFIG           300002-30000D                C
        CONST            000004-00737C             7379
        EEDATA           F00000-F000FF              100
        IDLOC            200000-200007                8
        MEDIUMCONST      000600-00737C             6D7D
        RAM              000075-0005FF              100
        SFR              000F38-000FFF               28
        SMALLCONST       000600-00737C              100

                                  Symbol Table

??___ftadd               cstackCOMRAM 00001E
??___ftdiv               cstackCOMRAM 00002C
??___ftge                cstackCOMRAM 000007
??___ftmul               cstackCOMRAM 00003D
??___ftpack              cstackCOMRAM 000006
??___fttol               cstackCOMRAM 00000D
??___lwtoft              cstackCOMRAM 00000C
??_get_sample            cstackCOMRAM 000003
??_initialization        cstackCOMRAM 000001
??_main                  cstackCOMRAM 000048
??_set_cc                cstackCOMRAM 000002
??_set_cv                cstackCOMRAM 000002
?___ftadd                cstackCOMRAM 000018
?___ftdiv                cstackCOMRAM 000026
?___ftge                 cstackCOMRAM 000001
?___ftmul                cstackCOMRAM 000037
?___ftpack               cstackCOMRAM 000001
?___fttol                cstackCOMRAM 000009
?___lwtoft               cstackCOMRAM 000009
?_get_sample             cstackCOMRAM 000001
?_initialization         cstackCOMRAM 000001
?_main                   cstackCOMRAM 000001
?_set_cc                 cstackCOMRAM 000001
?_set_cv                 cstackCOMRAM 000001
_ADCON0                  (abs)        000FC2
_ADCON1                  (abs)        000FC1
_ADCON2                  (abs)        000FC0
_ADRESH                  (abs)        000FC4
_ADRESL                  (abs)        000FC3
_ANSELC                  (abs)        000F3A
_LATA4                   (abs)        007C4C
_LATA6                   (abs)        007C4E
_LATA7                   (abs)        007C4F
_LATB0                   (abs)        007C50
_LATB4                   (abs)        007C54
_LATB5                   (abs)        007C55
_LATC5                   (abs)        007C5D
_LATC6                   (abs)        007C5E
_LATC7                   (abs)        007C5F
_OSCCON                  (abs)        000FD3
_OSCCON2                 (abs)        000FD2
_OSCTUNE                 (abs)        000F9B
_PORTA                   (abs)        000F80
_PORTB                   (abs)        000F81
_PORTC                   (abs)        000F82
_PORTCbits               (abs)        000F82
_SSP2BUF                 (abs)        000F6F
_SSP2CON1                (abs)        000F6C
_SSP2STAT                (abs)        000F6D
_TRISA                   (abs)        000F92
_TRISB                   (abs)        000F93
_TRISC                   (abs)        000F94
__CFG_FCMEN$OFF          (abs)        000000
__CFG_FOSC$INTIO67       (abs)        000000
__CFG_IESO$OFF           (abs)        000000
__CFG_PLLCFG$ON          (abs)        000000
__CFG_PRICLKEN$ON        (abs)        000000
__HRAM                   (abs)        000000
__Habs1                  abs1         000000
__Hbank0                 bank0        000000
__Hbank1                 bank1        000000
__Hbank2                 bank2        000000
__Hbank3                 bank3        000000
__Hbank4                 bank4        000000
__Hbank5                 bank5        000000
__Hbigbss                bigbss       000000
__Hbigdata               bigdata      000000
__Hbigram                bigram       000000
__Hbss                   bss          000000
__HbssBANK0              bssBANK0     000000
__HbssCOMRAM             bssCOMRAM    000000
__Hcinit                 cinit        000000
__Hclrtext               clrtext      000000
__Hcomram                comram       000000
__Hconfig                config       300002
__Hconst                 const        000000
__HcstackCOMRAM          cstackCOMRAM 000000
__Hdata                  data         000000
__HdataCOMRAM            dataCOMRAM   000000
__Heeprom_data           eeprom_data  000000
__Hend_init              end_init     000004
__Hfarbss                farbss       000000
__Hfardata               fardata      000000
__Hibigdata              ibigdata     000000
__Hidata                 idata        000000
__HidataCOMRAM           idataCOMRAM  000000
__Hidloc                 idloc        000000
__Hifardata              ifardata     000000
__Hinit                  init         000000
__Hintcode               intcode      000000
__Hintcode_body          intcode_body 000000
__Hintcodelo             intcodelo    000000
__Hintentry              intentry     000000
__Hintret                intret       000000
__Hintsave_regs          intsave_regs 000000
__Hirdata                irdata       000000
__Hmediumconst           mediumconst  000000
__Hnvbit                 nvbit        000000
__Hnvrram                nvrram       000000
__Hparam                 rparam       000000
__Hpowerup               powerup      000000
__Hram                   ram          000000
__Hramtop                ramtop       000600
__Hrbit                  rbit         000000
__Hrbss                  rbss         000000
__Hrdata                 rdata        000000
__Hreset_vec             reset_vec    000000
__Hrparam                rparam       000000
__Hsfr                   sfr          000000
__Hsmallconst            smallconst   000000
__Hstruct                struct       000000
__Htemp                  temp         000000
__Htext                  text         000000
__Htext0                 text0        000000
__Htext1                 text1        000000
__Htext10                text10       000000
__Htext11                text11       000000
__Htext12                text12       000000
__Htext2                 text2        000000
__Htext3                 text3        000000
__Htext4                 text4        000000
__Htext5                 text5        000000
__Htext6                 text6        000000
__Htext7                 text7        000000
__Htext8                 text8        000000
__Htext9                 text9        000000
__LRAM                   (abs)        000001
__Labs1                  abs1         000000
__Lbank0                 bank0        000000
__Lbank1                 bank1        000000
__Lbank2                 bank2        000000
__Lbank3                 bank3        000000
__Lbank4                 bank4        000000
__Lbank5                 bank5        000000
__Lbigbss                bigbss       000000
__Lbigdata               bigdata      000000
__Lbigram                bigram       000000
__Lbss                   bss          000000
__LbssBANK0              bssBANK0     000000
__LbssCOMRAM             bssCOMRAM    000000
__Lcinit                 cinit        000000
__Lclrtext               clrtext      000000
__Lcomram                comram       000000
__Lconfig                config       300000
__Lconst                 const        000000
__LcstackCOMRAM          cstackCOMRAM 000000
__Ldata                  data         000000
__LdataCOMRAM            dataCOMRAM   000000
__Leeprom_data           eeprom_data  000000
__Lend_init              end_init     000000
__Lfarbss                farbss       000000
__Lfardata               fardata      000000
__Libigdata              ibigdata     000000
__Lidata                 idata        000000
__LidataCOMRAM           idataCOMRAM  000000
__Lidloc                 idloc        000000
__Lifardata              ifardata     000000
__Linit                  init         000000
__Lintcode               intcode      000000
__Lintcode_body          intcode_body 000000
__Lintcodelo             intcodelo    000000
__Lintentry              intentry     000000
__Lintret                intret       000000
__Lintsave_regs          intsave_regs 000000
__Lirdata                irdata       000000
__Lmediumconst           mediumconst  000000
__Lnvbit                 nvbit        000000
__Lnvrram                nvrram       000000
__Lparam                 rparam       000000
__Lpowerup               powerup      000000
__Lram                   ram          000000
__Lramtop                ramtop       000600
__Lrbit                  rbit         000000
__Lrbss                  rbss         000000
__Lrdata                 rdata        000000
__Lreset_vec             reset_vec    000000
__Lrparam                rparam       000000
__Lsfr                   sfr          000000
__Lsmallconst            smallconst   000000
__Lstruct                struct       000000
__Ltemp                  temp         000000
__Ltext                  text         000000
__Ltext0                 text0        000000
__Ltext1                 text1        000000
__Ltext10                text10       000000
__Ltext11                text11       000000
__Ltext12                text12       000000
__Ltext2                 text2        000000
__Ltext3                 text3        000000
__Ltext4                 text4        000000
__Ltext5                 text5        000000
__Ltext6                 text6        000000
__Ltext7                 text7        000000
__Ltext8                 text8        000000
__Ltext9                 text9        000000
__S0                     (abs)        300002
__S1                     (abs)        000075
___ftadd                 text5        0079C4
___ftadd@exp1            cstackCOMRAM 000025
___ftadd@exp2            cstackCOMRAM 000024
___ftadd@f1              cstackCOMRAM 000018
___ftadd@f2              cstackCOMRAM 00001B
___ftadd@sign            cstackCOMRAM 000023
___ftdiv                 text6        007638
___ftdiv@cntr            cstackCOMRAM 000031
___ftdiv@exp             cstackCOMRAM 000035
___ftdiv@f1              cstackCOMRAM 000026
___ftdiv@f2              cstackCOMRAM 000029
___ftdiv@f3              cstackCOMRAM 000032
___ftdiv@sign            cstackCOMRAM 000036
___ftge                  text7        0074A6
___ftge@ff1              cstackCOMRAM 000001
___ftge@ff2              cstackCOMRAM 000004
___ftmul                 text8        007886
___ftmul@cntr            cstackCOMRAM 000046
___ftmul@exp             cstackCOMRAM 000042
___ftmul@f1              cstackCOMRAM 000037
___ftmul@f2              cstackCOMRAM 00003A
___ftmul@f3_as_product   cstackCOMRAM 000043
___ftmul@sign            cstackCOMRAM 000047
___ftpack                text11       00754A
___ftpack@arg            cstackCOMRAM 000001
___ftpack@exp            cstackCOMRAM 000004
___ftpack@sign           cstackCOMRAM 000005
___fttol                 text9        007756
___fttol@exp1            cstackCOMRAM 000017
___fttol@f1              cstackCOMRAM 000009
___fttol@lval            cstackCOMRAM 000013
___fttol@sign1           cstackCOMRAM 000012
___lwtoft                text10       0073CA
___lwtoft@c              cstackCOMRAM 000009
__accesstop              (abs)        000060
__activetblptr           (abs)        000000
__end_of___ftadd         text5        007BFE
__end_of___ftdiv         text6        007756
__end_of___ftge          text7        00754A
__end_of___ftmul         text8        0079C4
__end_of___ftpack        text11       007638
__end_of___fttol         text9        007886
__end_of___lwtoft        text10       0073F8
__end_of_get_sample      text4        00745E
__end_of_initialization  text1        0074A6
__end_of_main            text0        008000
__end_of_set_cc          text3        0073CA
__end_of_set_cv          text2        0073A4
__mediumconst            mediumconst  000000
__pbssBANK0              bssBANK0     000060
__pbssCOMRAM             bssCOMRAM    000049
__pcinit                 cinit        0073F8
__pcstackCOMRAM          cstackCOMRAM 000001
__pdataCOMRAM            dataCOMRAM   00005E
__pidataCOMRAM           idataCOMRAM  00737D
__ptext0                 text0        007BFE
__ptext1                 text1        00745E
__ptext10                text10       0073CA
__ptext11                text11       00754A
__ptext12                text12       000000
__ptext2                 text2        00737E
__ptext3                 text3        0073A4
__ptext4                 text4        007428
__ptext5                 text5        0079C4
__ptext6                 text6        007638
__ptext7                 text7        0074A6
__ptext8                 text8        007886
__ptext9                 text9        007756
__ramtop                 ramtop       000600
__size_of___ftadd        (abs)        000000
__size_of___ftdiv        (abs)        000000
__size_of___ftge         (abs)        000000
__size_of___ftmul        (abs)        000000
__size_of___ftpack       (abs)        000000
__size_of___fttol        (abs)        000000
__size_of___lwtoft       (abs)        000000
__size_of_get_sample     (abs)        000000
__size_of_initialization (abs)        000000
__size_of_main           (abs)        000000
__size_of_set_cc         (abs)        000000
__size_of_set_cv         (abs)        000000
__smallconst             smallconst   000000
_cell_voltage_setpoint   bssBANK0     000060
_constant_current        bssCOMRAM    00004D
_constant_voltage        bssCOMRAM    000050
_current                 bssCOMRAM    000053
_current_bits            bssCOMRAM    000059
_digital_pot_bits        bssCOMRAM    00005D
_ext_temp                bssBANK0     000063
_ext_temp_bits           bssBANK0     00006F
_get_sample              text4        007428
_i                       bssCOMRAM    000049
_initialization          text1        00745E
_main                    text0        007BFE
_minimum_current         bssBANK0     000066
_over_temp               bssBANK0     000069
_over_temp_bits          bssBANK0     000071
_pri_current             bssBANK0     00006C
_pri_current_bits        bssBANK0     000073
_set_cc                  text3        0073A4
_set_cv                  text2        00737E
_state                   dataCOMRAM   00005E
_voltage                 bssCOMRAM    000056
_voltage_bits            bssCOMRAM    00005B
end_of_initialization    cinit        007422
get_sample@channel       cstackCOMRAM 000001
intlevel0                text         000000
intlevel1                text         000000
intlevel2                text         000000
intlevel3                text         000000
set_cc@bits              cstackCOMRAM 000001
set_cv@bits              cstackCOMRAM 000001
start                    init         000000
start_initialization     cinit        0073F8
